
=== home (/) status=200 docW=412 vw=412 overflow=false
   <div> right=770 w=824 animate-wave absolute bottom-0 left-0 w-[200%] h-24 bg-gradient-to-r from-cyan-5
   <div> right=667 w=824 animate-wave absolute bottom-8 left-0 w-[200%] h-16 bg-gradient-to-r from-blue-5
   <div> right=440 w=400 absolute top-40 left-10 w-[400px] h-[400px] rounded-full blur-3xl animate-float-
   <div> right=796 w=384 fixed top-0 right-0 h-full w-[min(100vw,24rem)] bg-[var(--theme-bg)] border-l bo
   <div> right=796 w=383 h-full flex flex-col p-5 pt-24 pb-[calc(1.25rem+env(safe-area-inset-bottom))]
   <div> right=776 w=343 mb-6
   <p> right=776 w=343 text-xs font-semibold uppercase tracking-wider text-orange-400
   <p> right=776 w=343 mt-1 text-sm text-[var(--theme-text-muted)]
   <nav> right=776 w=343 space-y-2 flex-1
   <a> right=776 w=343 block min-h-12 rounded-2xl border border-[var(--theme-border)] bg-[var(--theme-c
   <a> right=776 w=343 block min-h-12 rounded-2xl border border-[var(--theme-border)] bg-[var(--theme-c
   <a> right=776 w=343 block min-h-12 rounded-2xl border border-[var(--theme-border)] bg-[var(--theme-c

=== packages (/packages) status=200 docW=412 vw=412 overflow=false
   <div> right=796 w=384 fixed top-0 right-0 h-full w-[min(100vw,24rem)] bg-[var(--theme-bg)] border-l bo
   <div> right=796 w=383 h-full flex flex-col p-5 pt-24 pb-[calc(1.25rem+env(safe-area-inset-bottom))]
   <div> right=776 w=343 mb-6
   <p> right=776 w=343 text-xs font-semibold uppercase tracking-wider text-orange-400
   <p> right=776 w=343 mt-1 text-sm text-[var(--theme-text-muted)]
   <nav> right=776 w=343 space-y-2 flex-1
   <a> right=776 w=343 block min-h-12 rounded-2xl border border-[var(--theme-border)] bg-[var(--theme-c
   <a> right=776 w=343 block min-h-12 rounded-2xl border border-[var(--theme-border)] bg-[var(--theme-c
   <a> right=776 w=343 block min-h-12 rounded-2xl border border-[var(--theme-border)] bg-[var(--theme-c
   <a> right=776 w=343 block min-h-12 rounded-2xl border border-[var(--theme-border)] bg-[var(--theme-c
   <a> right=776 w=343 block min-h-12 rounded-2xl border border-[var(--theme-border)] bg-[var(--theme-c
   <a> right=776 w=343 block min-h-12 rounded-2xl border border-[var(--theme-border)] bg-[var(--theme-c

=== destinations (/destinations) status=200 docW=412 vw=412 overflow=false
   <div> right=796 w=384 fixed top-0 right-0 h-full w-[min(100vw,24rem)] bg-[var(--theme-bg)] border-l bo
   <div> right=796 w=383 h-full flex flex-col p-5 pt-24 pb-[calc(1.25rem+env(safe-area-inset-bottom))]
   <div> right=776 w=343 mb-6
   <p> right=776 w=343 text-xs font-semibold uppercase tracking-wider text-orange-400
   <p> right=776 w=343 mt-1 text-sm text-[var(--theme-text-muted)]
   <nav> right=776 w=343 space-y-2 flex-1
   <a> right=776 w=343 block min-h-12 rounded-2xl border border-[var(--theme-border)] bg-[var(--theme-c
   <a> right=776 w=343 block min-h-12 rounded-2xl border border-[var(--theme-border)] bg-[var(--theme-c
   <a> right=776 w=343 block min-h-12 rounded-2xl border border-[var(--theme-border)] bg-[var(--theme-c
   <a> right=776 w=343 block min-h-12 rounded-2xl border border-[var(--theme-border)] bg-[var(--theme-c
   <a> right=776 w=343 block min-h-12 rounded-2xl border border-[var(--theme-border)] bg-[var(--theme-c
   <a> right=776 w=343 block min-h-12 rounded-2xl border border-[var(--theme-border)] bg-[var(--theme-c

=== destination-detail (/destinations/robben-island) status=200 docW=412 vw=412 overflow=false
   <div> right=796 w=384 fixed top-0 right-0 h-full w-[min(100vw,24rem)] bg-[var(--theme-bg)] border-l bo
   <div> right=796 w=383 h-full flex flex-col p-5 pt-24 pb-[calc(1.25rem+env(safe-area-inset-bottom))]
   <div> right=776 w=343 mb-6
   <p> right=776 w=343 text-xs font-semibold uppercase tracking-wider text-orange-400
   <p> right=776 w=343 mt-1 text-sm text-[var(--theme-text-muted)]
   <nav> right=776 w=343 space-y-2 flex-1
   <a> right=776 w=343 block min-h-12 rounded-2xl border border-[var(--theme-border)] bg-[var(--theme-c
   <a> right=776 w=343 block min-h-12 rounded-2xl border border-[var(--theme-border)] bg-[var(--theme-c
   <a> right=776 w=343 block min-h-12 rounded-2xl border border-[var(--theme-border)] bg-[var(--theme-c
   <a> right=776 w=343 block min-h-12 rounded-2xl border border-[var(--theme-border)] bg-[var(--theme-c
   <a> right=776 w=343 block min-h-12 rounded-2xl border border-[var(--theme-border)] bg-[var(--theme-c
   <a> right=776 w=343 block min-h-12 rounded-2xl border border-[var(--theme-border)] bg-[var(--theme-c

=== crew (/crew) status=200 docW=412 vw=412 overflow=false
   <div> right=796 w=384 fixed top-0 right-0 h-full w-[min(100vw,24rem)] bg-[var(--theme-bg)] border-l bo
   <div> right=796 w=383 h-full flex flex-col p-5 pt-24 pb-[calc(1.25rem+env(safe-area-inset-bottom))]
   <div> right=776 w=343 mb-6
   <p> right=776 w=343 text-xs font-semibold uppercase tracking-wider text-orange-400
   <p> right=776 w=343 mt-1 text-sm text-[var(--theme-text-muted)]
   <nav> right=776 w=343 space-y-2 flex-1
   <a> right=776 w=343 block min-h-12 rounded-2xl border border-[var(--theme-border)] bg-[var(--theme-c
   <a> right=776 w=343 block min-h-12 rounded-2xl border border-[var(--theme-border)] bg-[var(--theme-c
   <a> right=776 w=343 block min-h-12 rounded-2xl border border-[var(--theme-border)] bg-[var(--theme-c
   <a> right=776 w=343 block min-h-12 rounded-2xl border border-[var(--theme-border)] bg-[var(--theme-c
   <a> right=776 w=343 block min-h-12 rounded-2xl border border-[var(--theme-border)] bg-[var(--theme-c
   <a> right=776 w=343 block min-h-12 rounded-2xl border border-[var(--theme-border)] bg-[var(--theme-c

=== gallery (/gallery) status=200 docW=412 vw=412 overflow=false
   <div> right=796 w=384 fixed top-0 right-0 h-full w-[min(100vw,24rem)] bg-[var(--theme-bg)] border-l bo
   <div> right=796 w=383 h-full flex flex-col p-5 pt-24 pb-[calc(1.25rem+env(safe-area-inset-bottom))]
   <div> right=776 w=343 mb-6
   <p> right=776 w=343 text-xs font-semibold uppercase tracking-wider text-orange-400
   <p> right=776 w=343 mt-1 text-sm text-[var(--theme-text-muted)]
   <nav> right=776 w=343 space-y-2 flex-1
   <a> right=776 w=343 block min-h-12 rounded-2xl border border-[var(--theme-border)] bg-[var(--theme-c
   <a> right=776 w=343 block min-h-12 rounded-2xl border border-[var(--theme-border)] bg-[var(--theme-c
   <a> right=776 w=343 block min-h-12 rounded-2xl border border-[var(--theme-border)] bg-[var(--theme-c
   <a> right=776 w=343 block min-h-12 rounded-2xl border border-[var(--theme-border)] bg-[var(--theme-c
   <a> right=776 w=343 block min-h-12 rounded-2xl border border-[var(--theme-border)] bg-[var(--theme-c
   <a> right=776 w=343 block min-h-12 rounded-2xl border border-[var(--theme-border)] bg-[var(--theme-c

=== news (/news) status=200 docW=412 vw=412 overflow=false
   <div> right=796 w=384 fixed top-0 right-0 h-full w-[min(100vw,24rem)] bg-[var(--theme-bg)] border-l bo
   <div> right=796 w=383 h-full flex flex-col p-5 pt-24 pb-[calc(1.25rem+env(safe-area-inset-bottom))]
   <div> right=776 w=343 mb-6
   <p> right=776 w=343 text-xs font-semibold uppercase tracking-wider text-orange-400
   <p> right=776 w=343 mt-1 text-sm text-[var(--theme-text-muted)]
   <nav> right=776 w=343 space-y-2 flex-1
   <a> right=776 w=343 block min-h-12 rounded-2xl border border-[var(--theme-border)] bg-[var(--theme-c
   <a> right=776 w=343 block min-h-12 rounded-2xl border border-[var(--theme-border)] bg-[var(--theme-c
   <a> right=776 w=343 block min-h-12 rounded-2xl border border-[var(--theme-border)] bg-[var(--theme-c
   <a> right=776 w=343 block min-h-12 rounded-2xl border border-[var(--theme-border)] bg-[var(--theme-c
   <a> right=776 w=343 block min-h-12 rounded-2xl border border-[var(--theme-border)] bg-[var(--theme-c
   <a> right=776 w=343 block min-h-12 rounded-2xl border border-[var(--theme-border)] bg-[var(--theme-c

=== weather (/weather) status=200 docW=412 vw=412 overflow=false
   <div> right=796 w=384 fixed top-0 right-0 h-full w-[min(100vw,24rem)] bg-[var(--theme-bg)] border-l bo
   <div> right=796 w=383 h-full flex flex-col p-5 pt-24 pb-[calc(1.25rem+env(safe-area-inset-bottom))]
   <div> right=776 w=343 mb-6
   <p> right=776 w=343 text-xs font-semibold uppercase tracking-wider text-orange-400
   <p> right=776 w=343 mt-1 text-sm text-[var(--theme-text-muted)]
   <nav> right=776 w=343 space-y-2 flex-1
   <a> right=776 w=343 block min-h-12 rounded-2xl border border-[var(--theme-border)] bg-[var(--theme-c
   <a> right=776 w=343 block min-h-12 rounded-2xl border border-[var(--theme-border)] bg-[var(--theme-c
   <a> right=776 w=343 block min-h-12 rounded-2xl border border-[var(--theme-border)] bg-[var(--theme-c
   <a> right=776 w=343 block min-h-12 rounded-2xl border border-[var(--theme-border)] bg-[var(--theme-c
   <a> right=776 w=343 block min-h-12 rounded-2xl border border-[var(--theme-border)] bg-[var(--theme-c
   <a> right=776 w=343 block min-h-12 rounded-2xl border border-[var(--theme-border)] bg-[var(--theme-c

=== terms (/terms) status=200 docW=412 vw=412 overflow=false
   <div> right=436 w=436 flex-1 flex items-center justify-center p-8

=== safety (/safety) status=200 docW=412 vw=412 overflow=false
   <div> right=436 w=436 flex-1 flex items-center justify-center p-8

=== privacy (/privacy) status=200 docW=412 vw=412 overflow=false
   <div> right=436 w=436 flex-1 flex items-center justify-center p-8

=== cancellations (/cancellations) status=200 docW=412 vw=412 overflow=false
   <div> right=436 w=436 flex-1 flex items-center justify-center p-8


DONE. Screenshots in tmp/mobile-audit
